// Jest Snapshot v1, https://goo.gl/fbAQLP

exports[`Footer should render 1`] = `
<footer
  class="css-xoeo08-footerStyle"
>
  <span>
    Â© Ultimate Ice Cream
  </span>
</footer>
`;
