// Jest Snapshot v1, https://goo.gl/fbAQLP

exports[`Main should render with standard heading and set the title 1`] = `
<main
  id="main"
  tabindex="-1"
>
  <h2
    class="main-heading"
    tabindex="-1"
  >
    Demo heading
  </h2>
  <p>
    Page content
  </p>
</main>
`;
